Hi! Welcome to Van Binh! What's your name?
Welcome, Dzik!
Enter dish name or empty line to finish:
Enter dish name or empty line to finish:
Takeaway? (y/n)
Would you like to save this order? (y/n)
This is order no. 1
There you go: chicken: 0, tofu: 1, rice: 0, takeway: false, it's going to be 15 z≈Ç
Hi! Welcome to Van Binh! What's your name?
Bye!
